// Jest Snapshot v1, https://goo.gl/fbAQLP

exports[`Test paragraph-1 1`] = `
<div
  className="calculator"
>
  <div
    className="Display div"
  >
    0
  </div>
  <div
    className="frs-div div grid"
  >
    <button
      className="number number-AC"
      onClick={[Function]}
      type="button"
    >
      AC
    </button>
    <button
      className="number number-+-"
      onClick={[Function]}
      type="button"
    >
      +/-
    </button>
    <button
      className="number number-%"
      onClick={[Function]}
      type="button"
    >
      %
    </button>
    <button
      className="number number-// color"
      onClick={[Function]}
      type="button"
    >
      รท
    </button>
  </div>
  <div
    className="sec-div div grid"
  >
    <button
      className="number number-7"
      onClick={[Function]}
      type="button"
    >
      7
    </button>
    <button
      className="number number-8"
      onClick={[Function]}
      type="button"
    >
      8
    </button>
    <button
      className="number number-9"
      onClick={[Function]}
      type="button"
    >
      9
    </button>
    <button
      className="number number-x color"
      onClick={[Function]}
      type="button"
    >
      x
    </button>
  </div>
  <div
    className="trd-div div grid"
  >
    <button
      className="number number-4"
      onClick={[Function]}
      type="button"
    >
      4
    </button>
    <button
      className="number number-5"
      onClick={[Function]}
      type="button"
    >
      5
    </button>
    <button
      className="number number-6"
      onClick={[Function]}
      type="button"
    >
      6
    </button>
    <button
      className="number number-- color"
      onClick={[Function]}
      type="button"
    >
      -
    </button>
  </div>
  <div
    className="frt-div div grid"
  >
    <button
      className="number number-1"
      onClick={[Function]}
      type="button"
    >
      1
    </button>
    <button
      className="number number-2"
      onClick={[Function]}
      type="button"
    >
      2
    </button>
    <button
      className="number number-3"
      onClick={[Function]}
      type="button"
    >
      3
    </button>
    <button
      className="number number-+ color"
      onClick={[Function]}
      type="button"
    >
      +
    </button>
  </div>
  <div
    className="fth-div div grid"
  >
    <button
      className="number number-0"
      onClick={[Function]}
      type="button"
    >
      0
    </button>
    <button
      className="number number---"
      onClick={[Function]}
      type="button"
    >
      .
    </button>
    <button
      className="number number-num color"
      onClick={[Function]}
      type="button"
    >
      =
    </button>
  </div>
</div>
`;
